[{"stream_name":"stdout","time":2.8564823,"data":"Utility path candidates:\n"}
,{"stream_name":"stdout","time":2.85652333,"data":"  - /kaggle/usr/lib/notebooks/ryanholbrook/nvidia_utility_script/nvidia_cutlass_dsl/python_packages\n"}
,{"stream_name":"stdout","time":2.85652536,"data":"  - /kaggle/usr/lib/notebooks/ryanholbrook/nvidia-utility-script/nvidia_cutlass_dsl/python_packages\n"}
,{"stream_name":"stdout","time":2.8565265,"data":"Utility source not mounted yet; retrying (119s left)...\n"}
,{"stream_name":"stdout","time":7.856676179,"data":"Utility source not mounted yet; retrying (114s left)...\n"}
,{"stream_name":"stdout","time":12.856854666,"data":"Utility source not mounted yet; retrying (109s left)...\n"}
,{"stream_name":"stdout","time":17.856993069,"data":"Utility source not mounted yet; retrying (104s left)...\n"}
,{"stream_name":"stdout","time":22.85717358,"data":"Utility source not mounted yet; retrying (99s left)...\n"}
,{"stream_name":"stdout","time":27.857285127,"data":"Utility source not mounted yet; retrying (94s left)...\n"}
,{"stream_name":"stdout","time":32.857433676,"data":"Utility source not mounted yet; retrying (89s left)...\n"}
,{"stream_name":"stdout","time":37.857593508,"data":"Utility source not mounted yet; retrying (84s left)...\n"}
,{"stream_name":"stdout","time":42.857743705,"data":"Utility source not mounted yet; retrying (79s left)...\n"}
,{"stream_name":"stdout","time":47.85787519,"data":"Utility source not mounted yet; retrying (74s left)...\n"}
,{"stream_name":"stdout","time":52.857985694,"data":"Utility source not mounted yet; retrying (69s left)...\n"}
,{"stream_name":"stdout","time":57.858178154,"data":"Utility source not mounted yet; retrying (64s left)...\n"}
,{"stream_name":"stdout","time":62.85832763,"data":"Utility source not mounted yet; retrying (59s left)...\n"}
,{"stream_name":"stdout","time":67.85847509,"data":"Utility source not mounted yet; retrying (54s left)...\n"}
,{"stream_name":"stdout","time":72.858620234,"data":"Utility source not mounted yet; retrying (49s left)...\n"}
,{"stream_name":"stdout","time":77.858760928,"data":"Utility source not mounted yet; retrying (44s left)...\n"}
,{"stream_name":"stdout","time":82.858913541,"data":"Utility source not mounted yet; retrying (39s left)...\n"}
,{"stream_name":"stdout","time":87.859067974,"data":"Utility source not mounted yet; retrying (34s left)...\n"}
,{"stream_name":"stdout","time":92.859180915,"data":"Utility source not mounted yet; retrying (29s left)...\n"}
,{"stream_name":"stdout","time":97.859359641,"data":"Utility source not mounted yet; retrying (24s left)...\n"}
,{"stream_name":"stdout","time":102.859484974,"data":"Utility source not mounted yet; retrying (19s left)...\n"}
,{"stream_name":"stdout","time":107.859634596,"data":"Utility source not mounted yet; retrying (14s left)...\n"}
,{"stream_name":"stdout","time":112.859807603,"data":"Utility source not mounted yet; retrying (9s left)...\n"}
,{"stream_name":"stdout","time":117.859954562,"data":"Utility source not mounted yet; retrying (4s left)...\n"}
,{"stream_name":"stderr","time":122.860174286,"data":"Traceback (most recent call last):\n"}
,{"stream_name":"stderr","time":122.860211536,"data":"  File \"/kaggle/src/script.py\", line 116, in \u003cmodule\u003e\n"}
,{"stream_name":"stderr","time":122.860281916,"data":"    utility_root = find_utility_root()\n"}
,{"stream_name":"stderr","time":122.861024506,"data":"                   ^^^^^^^^^^^^^^^^^^^\n"}
,{"stream_name":"stderr","time":122.861031026,"data":"  File \"/kaggle/src/script.py\", line 81, in find_utility_root\n"}
,{"stream_name":"stderr","time":122.861034416,"data":"    raise FileNotFoundError(\"Could not locate the NVIDIA utility script packages.\")\n"}
,{"stream_name":"stderr","time":122.861048466,"data":"FileNotFoundError: Could not locate the NVIDIA utility script packages.\n"}
,{"stream_name":"stderr","time":124.337590661,"data":"/usr/local/lib/python3.12/dist-packages/mistune.py:435: SyntaxWarning: invalid escape sequence '\\|'\n"}
,{"stream_name":"stderr","time":124.337610081,"data":"  cells[i][c] = re.sub('\\\\\\\\\\|', '|', cell)\n"}
,{"stream_name":"stderr","time":124.65354553,"data":"/usr/local/lib/python3.12/dist-packages/nbconvert/filters/filter_links.py:36: SyntaxWarning: invalid escape sequence '\\_'\n"}
,{"stream_name":"stderr","time":124.65355855,"data":"  text = re.sub(r'_', '\\_', text) # Escape underscores in display text\n"}
,{"stream_name":"stderr","time":126.196925425,"data":"/usr/local/lib/python3.12/dist-packages/traitlets/traitlets.py:2915: FutureWarning: --Exporter.preprocessors=[\"nbconvert.preprocessors.ExtractOutputPreprocessor\"] for containers is deprecated in traitlets 5.0. You can pass `--Exporter.preprocessors item` ... multiple times to add items to a list.\n"}
,{"stream_name":"stderr","time":126.196940815,"data":"  warn(\n"}
,{"stream_name":"stderr","time":126.231609915,"data":"[NbConvertApp] Converting notebook __script__.ipynb to html\n"}
,{"stream_name":"stderr","time":127.084722092,"data":"[NbConvertApp] Writing 343748 bytes to __results__.html\n"}
]