[{"stream_name":"stdout","time":2.561038811,"data":"train_path = /kaggle/input/competitions/nvidia-nemotron-model-reasoning-challenge/train.csv\n"}
,{"stream_name":"stdout","time":2.561126951,"data":"test_path = /kaggle/input/competitions/nvidia-nemotron-model-reasoning-challenge/test.csv\n"}
,{"stream_name":"stdout","time":3.229170943,"data":"Train rows: 9500\n"}
,{"stream_name":"stdout","time":3.229205482,"data":"Test rows: 3\n"}
,{"stream_name":"stdout","time":3.229209882,"data":"Test family counts:\n"}
,{"stream_name":"stdout","time":3.2396868420000002,"data":"prompt\n"}
,{"stream_name":"stdout","time":3.2397231619999998,"data":"bit       2\n"}
,{"stream_name":"stdout","time":3.239727042,"data":"cipher    1\n"}
,{"stream_name":"stdout","time":3.239730132,"data":"Name: count, dtype: int64\n"}
,{"stream_name":"stdout","time":3.265511431,"data":"         id         prediction  family  used_lookup\n"}
,{"stream_name":"stdout","time":3.265535731,"data":"0  00066667           10010111     bit         True\n"}
,{"stream_name":"stdout","time":3.2655398509999998,"data":"1  000b53cf           01000011     bit         True\n"}
,{"stream_name":"stdout","time":3.265543161,"data":"2  00189f6a  cat imagines book  cipher         True\n"}
,{"stream_name":"stdout","time":3.265546381,"data":"submission.csv written to /kaggle/working/submission.csv\n"}
,{"stream_name":"stdout","time":3.265549661,"data":"submission.zip written to /kaggle/working/submission.zip\n"}
,{"stream_name":"stderr","time":5.595494501,"data":"/usr/local/lib/python3.12/dist-packages/mistune.py:435: SyntaxWarning: invalid escape sequence '\\|'\n"}
,{"stream_name":"stderr","time":5.595545611,"data":"  cells[i][c] = re.sub('\\\\\\\\\\|', '|', cell)\n"}
,{"stream_name":"stderr","time":5.915235318,"data":"/usr/local/lib/python3.12/dist-packages/nbconvert/filters/filter_links.py:36: SyntaxWarning: invalid escape sequence '\\_'\n"}
,{"stream_name":"stderr","time":5.9152734670000005,"data":"  text = re.sub(r'_', '\\_', text) # Escape underscores in display text\n"}
,{"stream_name":"stderr","time":7.466475951,"data":"[NbConvertApp] Converting notebook __script__.ipynb to html\n"}
,{"stream_name":"stderr","time":8.802687124,"data":"[NbConvertApp] Writing 348785 bytes to __results__.html\n"}
]