[{"stream_name":"stdout","time":43.415117062,"data":"Loading model and tokenizer...\n"}
,{"stream_name":"stderr","time":43.415363657,"data":"Traceback (most recent call last):\n"}
,{"stream_name":"stderr","time":43.415372226,"data":"  File \"/usr/local/lib/python3.12/dist-packages/transformers/utils/hub.py\", line 419, in cached_files\n"}
,{"stream_name":"stderr","time":43.415631092,"data":"    hf_hub_download(\n"}
,{"stream_name":"stderr","time":43.415637739,"data":"  File \"/usr/local/lib/python3.12/dist-packages/huggingface_hub/utils/_validators.py\", line 85, in _inner_fn\n"}
,{"stream_name":"stderr","time":43.4157954,"data":"    validate_repo_id(arg_value)\n"}
,{"stream_name":"stderr","time":43.415802234,"data":"  File \"/usr/local/lib/python3.12/dist-packages/huggingface_hub/utils/_validators.py\", line 129, in validate_repo_id\n"}
,{"stream_name":"stderr","time":43.415956184,"data":"    raise HFValidationError(\n"}
,{"stream_name":"stderr","time":43.415964543,"data":"huggingface_hub.errors.HFValidationError: Repo id must be in the form 'repo_name' or 'namespace/repo_name': '/kaggle/input/models/metric/nemotron-3-nano-30b-a3b-bf16/transformers/default/1'. Use `repo_type` argument if needed.\n"}
,{"stream_name":"stderr","time":43.415970683,"data":"\n"}
,{"stream_name":"stderr","time":43.415974083,"data":"The above exception was the direct cause of the following exception:\n"}
,{"stream_name":"stderr","time":43.415977621,"data":"\n"}
,{"stream_name":"stderr","time":43.415981761,"data":"Traceback (most recent call last):\n"}
,{"stream_name":"stderr","time":43.415988054,"data":"  File \"/usr/local/lib/python3.12/dist-packages/transformers/models/auto/tokenization_auto.py\", line 617, in from_pretrained\n"}
,{"stream_name":"stderr","time":43.416230486,"data":"    config = AutoConfig.from_pretrained(\n"}
,{"stream_name":"stderr","time":43.416259463,"data":"             ^^^^^^^^^^^^^^^^^^^^^^^^^^^\n"}
,{"stream_name":"stderr","time":43.416318721,"data":"  File \"/usr/local/lib/python3.12/dist-packages/transformers/models/auto/configuration_auto.py\", line 1356, in from_pretrained\n"}
,{"stream_name":"stderr","time":43.41666231,"data":"    config_dict, unused_kwargs = PreTrainedConfig.get_config_dict(pretrained_model_name_or_path, **kwargs)\n"}
,{"stream_name":"stderr","time":43.416905918,"data":"                                 ^^^^^^^^^^^^^^^^^^^^^^^^^^^^^^^^^^^^^^^^^^^^^^^^^^^^^^^^^^^^^^^^^^^^^^^^^\n"}
,{"stream_name":"stderr","time":43.416963333,"data":"  File \"/usr/local/lib/python3.12/dist-packages/transformers/configuration_utils.py\", line 569, in get_config_dict\n"}
,{"stream_name":"stderr","time":43.41718395,"data":"    config_dict, kwargs = cls._get_config_dict(pretrained_model_name_or_path, **kwargs)\n"}
,{"stream_name":"stderr","time":43.417357875,"data":"                          ^^^^^^^^^^^^^^^^^^^^^^^^^^^^^^^^^^^^^^^^^^^^^^^^^^^^^^^^^^^^^\n"}
,{"stream_name":"stderr","time":43.417409933,"data":"  File \"/usr/local/lib/python3.12/dist-packages/transformers/configuration_utils.py\", line 624, in _get_config_dict\n"}
,{"stream_name":"stderr","time":43.41761244,"data":"    resolved_config_file = cached_file(\n"}
,{"stream_name":"stderr","time":43.417741282,"data":"                           ^^^^^^^^^^^^\n"}
,{"stream_name":"stderr","time":43.417760503,"data":"  File \"/usr/local/lib/python3.12/dist-packages/transformers/utils/hub.py\", line 276, in cached_file\n"}
,{"stream_name":"stderr","time":43.417922185,"data":"    file = cached_files(path_or_repo_id=path_or_repo_id, filenames=[filename], **kwargs)\n"}
,{"stream_name":"stderr","time":43.418137876,"data":"           ^^^^^^^^^^^^^^^^^^^^^^^^^^^^^^^^^^^^^^^^^^^^^^^^^^^^^^^^^^^^^^^^^^^^^^^^^^^^^\n"}
,{"stream_name":"stderr","time":43.418164972,"data":"  File \"/usr/local/lib/python3.12/dist-packages/transformers/utils/hub.py\", line 468, in cached_files\n"}
,{"stream_name":"stderr","time":43.418416787,"data":"    raise OSError(f\"{e}\") from e\n"}
,{"stream_name":"stderr","time":43.418422527,"data":"OSError: Repo id must be in the form 'repo_name' or 'namespace/repo_name': '/kaggle/input/models/metric/nemotron-3-nano-30b-a3b-bf16/transformers/default/1'. Use `repo_type` argument if needed.\n"}
,{"stream_name":"stderr","time":43.418427837,"data":"\n"}
,{"stream_name":"stderr","time":43.418437395,"data":"During handling of the above exception, another exception occurred:\n"}
,{"stream_name":"stderr","time":43.41844097,"data":"\n"}
,{"stream_name":"stderr","time":43.418444902,"data":"Traceback (most recent call last):\n"}
,{"stream_name":"stderr","time":43.418456454,"data":"  File \"/usr/local/lib/python3.12/dist-packages/transformers/utils/hub.py\", line 419, in cached_files\n"}
,{"stream_name":"stderr","time":43.418659874,"data":"    hf_hub_download(\n"}
,{"stream_name":"stderr","time":43.418670093,"data":"  File \"/usr/local/lib/python3.12/dist-packages/huggingface_hub/utils/_validators.py\", line 85, in _inner_fn\n"}
,{"stream_name":"stderr","time":43.418785407,"data":"    validate_repo_id(arg_value)\n"}
,{"stream_name":"stderr","time":43.418801853,"data":"  File \"/usr/local/lib/python3.12/dist-packages/huggingface_hub/utils/_validators.py\", line 129, in validate_repo_id\n"}
,{"stream_name":"stderr","time":43.418929394,"data":"    raise HFValidationError(\n"}
,{"stream_name":"stderr","time":43.418937305,"data":"huggingface_hub.errors.HFValidationError: Repo id must be in the form 'repo_name' or 'namespace/repo_name': '/kaggle/input/models/metric/nemotron-3-nano-30b-a3b-bf16/transformers/default/1'. Use `repo_type` argument if needed.\n"}
,{"stream_name":"stderr","time":43.418942292,"data":"\n"}
,{"stream_name":"stderr","time":43.418946286,"data":"The above exception was the direct cause of the following exception:\n"}
,{"stream_name":"stderr","time":43.418952775,"data":"\n"}
,{"stream_name":"stderr","time":43.418957085,"data":"Traceback (most recent call last):\n"}
,{"stream_name":"stderr","time":43.41896062,"data":"  File \"/kaggle/src/script.py\", line 21, in \u003cmodule\u003e\n"}
,{"stream_name":"stderr","time":43.41908542,"data":"    tokenizer = AutoTokenizer.from_pretrained(MODEL_PATH, trust_remote_code=True)\n"}
,{"stream_name":"stderr","time":43.419298159,"data":"                ^^^^^^^^^^^^^^^^^^^^^^^^^^^^^^^^^^^^^^^^^^^^^^^^^^^^^^^^^^^^^^^^^\n"}
,{"stream_name":"stderr","time":43.419318342,"data":"  File \"/usr/local/lib/python3.12/dist-packages/transformers/models/auto/tokenization_auto.py\", line 621, in from_pretrained\n"}
,{"stream_name":"stderr","time":43.419553992,"data":"    config = PreTrainedConfig.from_pretrained(pretrained_model_name_or_path, **kwargs)\n"}
,{"stream_name":"stderr","time":43.419773565,"data":"             ^^^^^^^^^^^^^^^^^^^^^^^^^^^^^^^^^^^^^^^^^^^^^^^^^^^^^^^^^^^^^^^^^^^^^^^^^\n"}
,{"stream_name":"stderr","time":43.419826909,"data":"  File \"/usr/local/lib/python3.12/dist-packages/transformers/configuration_utils.py\", line 531, in from_pretrained\n"}
,{"stream_name":"stderr","time":43.420025985,"data":"    config_dict, kwargs = cls.get_config_dict(pretrained_model_name_or_path, **kwargs)\n"}
,{"stream_name":"stderr","time":43.420204045,"data":"                          ^^^^^^^^^^^^^^^^^^^^^^^^^^^^^^^^^^^^^^^^^^^^^^^^^^^^^^^^^^^^\n"}
,{"stream_name":"stderr","time":43.420222729,"data":"  File \"/usr/local/lib/python3.12/dist-packages/transformers/configuration_utils.py\", line 569, in get_config_dict\n"}
,{"stream_name":"stderr","time":43.420512784,"data":"    config_dict, kwargs = cls._get_config_dict(pretrained_model_name_or_path, **kwargs)\n"}
,{"stream_name":"stderr","time":43.420707478,"data":"                          ^^^^^^^^^^^^^^^^^^^^^^^^^^^^^^^^^^^^^^^^^^^^^^^^^^^^^^^^^^^^^\n"}
,{"stream_name":"stderr","time":43.420725516,"data":"  File \"/usr/local/lib/python3.12/dist-packages/transformers/configuration_utils.py\", line 624, in _get_config_dict\n"}
,{"stream_name":"stderr","time":43.421045825,"data":"    resolved_config_file = cached_file(\n"}
,{"stream_name":"stderr","time":43.421073319,"data":"                           ^^^^^^^^^^^^\n"}
,{"stream_name":"stderr","time":43.421085786,"data":"  File \"/usr/local/lib/python3.12/dist-packages/transformers/utils/hub.py\", line 276, in cached_file\n"}
,{"stream_name":"stderr","time":43.421278554,"data":"    file = cached_files(path_or_repo_id=path_or_repo_id, filenames=[filename], **kwargs)\n"}
,{"stream_name":"stderr","time":43.421471588,"data":"           ^^^^^^^^^^^^^^^^^^^^^^^^^^^^^^^^^^^^^^^^^^^^^^^^^^^^^^^^^^^^^^^^^^^^^^^^^^^^^\n"}
,{"stream_name":"stderr","time":43.421516491,"data":"  File \"/usr/local/lib/python3.12/dist-packages/transformers/utils/hub.py\", line 468, in cached_files\n"}
,{"stream_name":"stderr","time":43.421723751,"data":"    raise OSError(f\"{e}\") from e\n"}
,{"stream_name":"stderr","time":43.421776985,"data":"OSError: Repo id must be in the form 'repo_name' or 'namespace/repo_name': '/kaggle/input/models/metric/nemotron-3-nano-30b-a3b-bf16/transformers/default/1'. Use `repo_type` argument if needed.\n"}
,{"stream_name":"stderr","time":47.717083722,"data":"/usr/local/lib/python3.12/dist-packages/mistune.py:435: SyntaxWarning: invalid escape sequence '\\|'\n"}
,{"stream_name":"stderr","time":47.717111199,"data":"  cells[i][c] = re.sub('\\\\\\\\\\|', '|', cell)\n"}
,{"stream_name":"stderr","time":47.942323322,"data":"/usr/local/lib/python3.12/dist-packages/nbconvert/filters/filter_links.py:36: SyntaxWarning: invalid escape sequence '\\_'\n"}
,{"stream_name":"stderr","time":47.942352461,"data":"  text = re.sub(r'_', '\\_', text) # Escape underscores in display text\n"}
,{"stream_name":"stderr","time":48.591250733,"data":"[NbConvertApp] Converting notebook __script__.ipynb to html\n"}
,{"stream_name":"stderr","time":49.772483153,"data":"[NbConvertApp] Writing 289714 bytes to __results__.html\n"}
]