[{"stream_name":"stderr","time":6.254730994,"data":"0.00s - Debugger warning: It seems that frozen modules are being used, which may\n"}
,{"stream_name":"stderr","time":6.254757644,"data":"0.00s - make the debugger miss breakpoints. Please pass -Xfrozen_modules=off\n"}
,{"stream_name":"stderr","time":6.2547594140000005,"data":"0.00s - to python to disable frozen modules.\n"}
,{"stream_name":"stderr","time":6.254760544,"data":"0.00s - Note: Debugging will proceed. Set PYDEVD_DISABLE_FILE_VALIDATION=1 to disable this validation.\n"}
,{"stream_name":"stderr","time":6.688286795,"data":"0.00s - Debugger warning: It seems that frozen modules are being used, which may\n"}
,{"stream_name":"stderr","time":6.688312725,"data":"0.00s - make the debugger miss breakpoints. Please pass -Xfrozen_modules=off\n"}
,{"stream_name":"stderr","time":6.688315245,"data":"0.00s - to python to disable frozen modules.\n"}
,{"stream_name":"stderr","time":6.688316765,"data":"0.00s - Note: Debugging will proceed. Set PYDEVD_DISABLE_FILE_VALIDATION=1 to disable this validation.\n"}
,{"stream_name":"stdout","time":27.386579232,"data":"candidate count: 3\n"}
,{"stream_name":"stdout","time":27.386615562,"data":"/kaggle/usr/lib/notebooks/ryanholbrook/nvidia_utility_script/nvidia_cutlass_dsl/python_packages True\n"}
,{"stream_name":"stdout","time":27.386617562,"data":"/kaggle/usr/lib/notebooks/ryanholbrook/nvidia-utility-script/nvidia_cutlass_dsl/python_packages False\n"}
,{"stream_name":"stdout","time":27.386619362,"data":"/kaggle/usr/lib/notebooks/ryanholbrook/nvidia_utility_script/nvidia_cutlass_dsl/python_packages True\n"}
,{"stream_name":"stdout","time":27.386620532,"data":"mounted utility path: /kaggle/usr/lib/notebooks/ryanholbrook/nvidia_utility_script/nvidia_cutlass_dsl/python_packages\n"}
,{"stream_name":"stdout","time":82.867310437,"data":"imports ok\n"}
,{"stream_name":"stdout","time":82.867331067,"data":"torch: 2.12.0.dev20260324+cu128\n"}
,{"stream_name":"stdout","time":82.877170537,"data":"model root: /kaggle/input/models/metric/nemotron-3-nano-30b-a3b-bf16/transformers/default/1\n"}
,{"stream_name":"stderr","time":87.611655446,"data":"/usr/local/lib/python3.12/dist-packages/mistune.py:435: SyntaxWarning: invalid escape sequence '\\|'\n"}
,{"stream_name":"stderr","time":87.611673336,"data":"  cells[i][c] = re.sub('\\\\\\\\\\|', '|', cell)\n"}
,{"stream_name":"stderr","time":87.727580456,"data":"/usr/local/lib/python3.12/dist-packages/nbconvert/filters/filter_links.py:36: SyntaxWarning: invalid escape sequence '\\_'\n"}
,{"stream_name":"stderr","time":87.727583226,"data":"  text = re.sub(r'_', '\\_', text) # Escape underscores in display text\n"}
,{"stream_name":"stderr","time":88.272268678,"data":"/usr/local/lib/python3.12/dist-packages/traitlets/traitlets.py:2915: FutureWarning: --Exporter.preprocessors=[\"remove_papermill_header.RemovePapermillHeader\"] for containers is deprecated in traitlets 5.0. You can pass `--Exporter.preprocessors item` ... multiple times to add items to a list.\n"}
,{"stream_name":"stderr","time":88.272290278,"data":"  warn(\n"}
,{"stream_name":"stderr","time":88.299199719,"data":"[NbConvertApp] Converting notebook __notebook__.ipynb to notebook\n"}
,{"stream_name":"stderr","time":88.434028349,"data":"[NbConvertApp] Writing 4164 bytes to __notebook__.ipynb\n"}
,{"stream_name":"stderr","time":89.916622835,"data":"/usr/local/lib/python3.12/dist-packages/traitlets/traitlets.py:2915: FutureWarning: --Exporter.preprocessors=[\"nbconvert.preprocessors.ExtractOutputPreprocessor\"] for containers is deprecated in traitlets 5.0. You can pass `--Exporter.preprocessors item` ... multiple times to add items to a list.\n"}
,{"stream_name":"stderr","time":89.916644055,"data":"  warn(\n"}
,{"stream_name":"stderr","time":89.937326255,"data":"[NbConvertApp] Converting notebook __notebook__.ipynb to html\n"}
,{"stream_name":"stderr","time":90.378411596,"data":"[NbConvertApp] Writing 277971 bytes to __results__.html\n"}
]